Candidato : forth18_.bin
Origine   : $983D  (riferimento $6366)  spostamento codice T = +$34D7
Lunghezza : 7778 byte confrontati su 7778 del riferimento
Parole    : 339 nel riferimento
Scarto finale dell heap (LATEST/HP): $1C53

== Area ORIGIN/USER (+0000..+003A): uguali 42, rilocati 14, diversi 3

== Progressione dello scarto sull heap (mirror nuovo - mirror rif.)
   Un salto = heap consumato in piu' nel sorgente tra la parola precedente e
   questa: definizioni ausiliarie, oppure salto alla pagina 8K successiva
   (PAGE-WATERMARK = $1EFF: +258 byte = da $1F00 a $2002).
   LIT            dopo <inizio>       scarto $1B51
   LSHIFT         dopo 2/             scarto $1C53   (+258 byte)

== Riepilogo
   byte uguali        : 3240
   byte rilocati      : 4534   (indirizzi codice +T, puntatori heap +scarto)
   differenze attese  : 4 byte
   byte NON spiegati  : 0 in 0 parole/aree
   parole senza differenze: 338 su 339

== Differenze attese
   +0008 ($636E) rif=01 nuovo=F4   ORIGIN+008 saved Basic SP: dipende dall ambiente di compilazione
   +0009 ($636F) rif=01 nuovo=D0   ORIGIN+008 saved Basic SP: dipende dall ambiente di compilazione
   +0030 ($6396) rif=88 nuovo=94   ORIGIN+030 Return Stack Pointer: dipende dall ambiente (R0)
   +1CC6 ($802C) rif=0B nuovo=0A   AUTOEXEC: 10 0 +origin 32768 u< 1 and + vale 11 sotto $8000, 10 sopra

ESITO: COERENTE
